{
    "-profile test": {
        "content": [
            {
                "ALIGNMENT_DOTPLOT_M2O": {
                    "last": 1651
                },
                "ALIGNMENT_DOTPLOT_O2O": {
                    "last": 1651
                },
                "ALIGNMENT_EXP": {
                    "last": 1651
                },
                "ALIGNMENT_LASTAL_M2O": {
                    "last": 1651
                },
                "ALIGNMENT_LASTDB": {
                    "last": 1651
                },
                "ALIGNMENT_SPLIT_O2O": {
                    "last": 1651
                },
                "ALIGNMENT_TRAIN": {
                    "last": 1651
                },
                "ASSEMBLYSCAN": {
                    "assemblyscan": "1.0.0"
                },
                "CUTN_QUERY": {
                    "seqtk": "1.4-r122"
                },
                "CUTN_TARGET": {
                    "seqtk": "1.4-r122"
                },
                "MULTIQC_ASSEMBLYSCAN_PLOT_DATA": {
                    "jq": "1.7.1"
                },
                "Workflow": {
                    "nf-core/pairgenomealign": "v3.0.0dev"
                }
            },
            [
                "alignment",
                "alignment/target___test1.m2o.png",
                "alignment/target___test1.o2o.maf.gz",
                "alignment/target___test1.o2o.matrix.txt",
                "alignment/target___test1.o2o.png",
                "alignment/target___test1.o2o.tsv",
                "alignment/target___test1.sam.gz",
                "alignment/target___test1.train",
                "alignment/target___test1.train.tsv",
                "alignment/target___test2.m2o.png",
                "alignment/target___test2.o2o.maf.gz",
                "alignment/target___test2.o2o.matrix.txt",
                "alignment/target___test2.o2o.png",
                "alignment/target___test2.o2o.tsv",
                "alignment/target___test2.sam.gz",
                "alignment/target___test2.train",
                "alignment/target___test2.train.tsv",
                "assemblyscan",
                "assemblyscan/test1.json",
                "assemblyscan/test2.json",
                "cutn",
                "cutn/targetGenome.bed",
                "cutn/test1.bed",
                "cutn/test2.bed",
                "multiqc",
                "multiqc/assemblyscan_plot_data",
                "multiqc/assemblyscan_plot_data/contig_length_mqc.tsv",
                "multiqc/assemblyscan_plot_data/gc_summary_mqc.tsv",
                "multiqc/multiqc_data",
                "multiqc/multiqc_data/llms-full.txt",
                "multiqc/multiqc_data/multiqc.log",
                "multiqc/multiqc_data/multiqc.parquet",
                "multiqc/multiqc_data/multiqc_base_content_summary_plot.txt",
                "multiqc/multiqc_data/multiqc_citations.txt",
                "multiqc/multiqc_data/multiqc_contigs_length_statistics_plot.txt",
                "multiqc/multiqc_data/multiqc_data.json",
                "multiqc/multiqc_data/multiqc_software_versions.txt",
                "multiqc/multiqc_data/multiqc_sources.txt",
                "multiqc/multiqc_plots",
                "multiqc/multiqc_plots/pdf",
                "multiqc/multiqc_plots/pdf/base_content_summary_plot-cnt.pdf",
                "multiqc/multiqc_plots/pdf/base_content_summary_plot-pct.pdf",
                "multiqc/multiqc_plots/pdf/contigs_length_statistics_plot.pdf",
                "multiqc/multiqc_plots/png",
                "multiqc/multiqc_plots/png/base_content_summary_plot-cnt.png",
                "multiqc/multiqc_plots/png/base_content_summary_plot-pct.png",
                "multiqc/multiqc_plots/png/contigs_length_statistics_plot.png",
                "multiqc/multiqc_plots/svg",
                "multiqc/multiqc_plots/svg/base_content_summary_plot-cnt.svg",
                "multiqc/multiqc_plots/svg/base_content_summary_plot-pct.svg",
                "multiqc/multiqc_plots/svg/contigs_length_statistics_plot.svg",
                "multiqc/multiqc_report.html",
                "pipeline_info",
                "pipeline_info/nf_core_pairgenomealign_software_mqc_versions.yml"
            ],
            [
                "target___test1.o2o.maf.gz:md5,3b13c8fc298ae82d37cf2753f0f1c656",
                "target___test1.o2o.matrix.txt:md5,c16e864b50eafe5200e9f4e29d5e9845",
                "target___test1.o2o.tsv:md5,0400eb0d527a2e69d0ceaeff6e1e072c",
                "target___test1.sam.gz:md5,e7b814e19ea4379d3923f5c8aae040bc",
                "target___test1.train:md5,ef8c5281731d8c2e2125990f609e5fe6",
                "target___test1.train.tsv:md5,ffa807400265316cdf91de75286c1ac0",
                "target___test2.o2o.maf.gz:md5,df994ce1bfc7e37fe8f47d89dfc765a6",
                "target___test2.o2o.matrix.txt:md5,96c37304d315d8aac2b41c2c8403d308",
                "target___test2.o2o.tsv:md5,6f0563aabaae562a5e38bb2e89fb2f79",
                "target___test2.sam.gz:md5,846a0d5e7ae1cd3e9b05a76b91a7afda",
                "target___test2.train:md5,47ad817805e71f5482866bbf675a99cf",
                "target___test2.train.tsv:md5,4d054581c85f745f4e21e0c436bcb6a6",
                "test1.json:md5,bcef4e2bf296339c1ca7c513b483de96",
                "test2.json:md5,3af6c8a55ed7c1cfeaa5bd8e8a336244",
                "targetGenome.bed:md5,d41d8cd98f00b204e9800998ecf8427e",
                "test1.bed:md5,d41d8cd98f00b204e9800998ecf8427e",
                "test2.bed:md5,d41d8cd98f00b204e9800998ecf8427e",
                "contig_length_mqc.tsv:md5,851b7c50f78b040264f44762d0035110",
                "gc_summary_mqc.tsv:md5,3d6f3875c87fb7c810bbeff004bea4ba",
                "multiqc_base_content_summary_plot.txt:md5,34b6c2cfdbeea4d761b6b1361d95b1c8",
                "multiqc_citations.txt:md5,4c806e63a283ec1b7e78cdae3a923d4f",
                "multiqc_contigs_length_statistics_plot.txt:md5,d5d8303533a3a3dc6f0bf268707864c7"
            ]
        ],
        "timestamp": "2026-06-18T10:54:39.404187488",
        "meta": {
            "nf-test": "0.9.5",
            "nextflow": "26.04.3"
        }
    }
}