{
    "sarscov2 - fasta": {
        "content": [
            {
                "0": [
                    [
                        {
                            "id": [
                                [
                                    "target___test1.m2o_plt.png:md5,e724b83e019743759706e42d51ab987c",
                                    "target___test1.o2o_aln.maf.gz:md5,a5bef93ad94cd32e62503bbb993e17cf",
                                    "target___test1.o2o_aln.tsv:md5,19b18bcb79fbaff65967160566546216",
                                    "target___test1.o2o_plt.png:md5,e724b83e019743759706e42d51ab987c",
                                    "target___test1.sam.gz:md5,1e7ce899a96c522af7cd716dda2addff",
                                    "target___test1.train:md5,553b396397bd06ee18dacd6e39210b49",
                                    "target___test1.train.tsv:md5,d4ffa79ce19cc67164804b5dbc34b4c8",
                                    "target___test2.m2o_plt.png:md5,9f969c075068688c8b0d8e45c902efef",
                                    "target___test2.o2o_aln.maf.gz:md5,35f2b1fda59aec6a2e7b90bf93d9bd07",
                                    "target___test2.o2o_aln.tsv:md5,bbdfc5bf501b41df1330b0e10e173529",
                                    "target___test2.o2o_plt.png:md5,5692a7095b111d2470abe0951527f295",
                                    "target___test2.sam.gz:md5,8dcdb07614097a2a55f7c3f717eda97e",
                                    "target___test2.train:md5,a86c2cc75e540d0ad2a1417fe78bd483",
                                    "target___test2.train.tsv:md5,06491581f51dda4637ec441676841c48"
                                ],
                                [
                                    "test1.json:md5,9140e3d43f2d676f62e1325ace5dd8bd",
                                    "test2.json:md5,32d34d97e75fd3444cf1f9588070b5df"
                                ],
                                [
                                    "targetGenome.bed:md5,d41d8cd98f00b204e9800998ecf8427e",
                                    "test1.bed:md5,d41d8cd98f00b204e9800998ecf8427e",
                                    "test2.bed:md5,d41d8cd98f00b204e9800998ecf8427e"
                                ],
                                [
                                    [
                                        "contig_length_mqc.tsv:md5,851b7c50f78b040264f44762d0035110",
                                        "gc_summary_mqc.tsv:md5,3d6f3875c87fb7c810bbeff004bea4ba"
                                    ],
                                    [
                                        "multiqc.log:md5,db08cf733f405dd7283a15876911c87a",
                                        "multiqc_base_content_summary_plot.txt:md5,34b6c2cfdbeea4d761b6b1361d95b1c8",
                                        "multiqc_citations.txt:md5,4c806e63a283ec1b7e78cdae3a923d4f",
                                        "multiqc_contigs_length_statistics_plot.txt:md5,d5d8303533a3a3dc6f0bf268707864c7",
                                        "multiqc_data.json:md5,9d81b1244e91e2da2bd88aca3653315b",
                                        "multiqc_last_o2o.txt:md5,f101fe8063599dfa30ff286403209853",
                                        "multiqc_software_versions.txt:md5,5c7d20e5d9042a2164f271c1d402866e",
                                        "multiqc_sources.txt:md5,d2a044df39ce3c6abe5cdc2d67473490",
                                        "multiqc_train.txt:md5,29c3f1f223d94d90df2068199fe617ba"
                                    ],
                                    [
                                        [
                                            "base_content_summary_plot-cnt.pdf:md5,dbbcef6396616d0f85d6145d75d559df",
                                            "base_content_summary_plot-pct.pdf:md5,bb899209f226c793b0c46329c1fa7a38",
                                            "contigs_length_statistics_plot.pdf:md5,58f965f770eb9491477394e84593b09b",
                                            "last_o2o.pdf:md5,088e641cf188779fdb96fb95a65d5a9e",
                                            "train.pdf:md5,8a1f825980fc1fc648e6960a8ef564d0"
                                        ],
                                        [
                                            "base_content_summary_plot-cnt.png:md5,3f80c4aa99e1edf45b00d4f051c0be32",
                                            "base_content_summary_plot-pct.png:md5,d4b626853ac3e73a6cad957a0715698d",
                                            "contigs_length_statistics_plot.png:md5,2b9eb1d770ea0aa7a3bacae6e2cb21ed",
                                            "last_o2o.png:md5,4496d2b31cbf614fc7f3a60b0c8fcd9c",
                                            "train.png:md5,737cbc2c7182f82d1fc797f58a77e83d"
                                        ],
                                        [
                                            "base_content_summary_plot-cnt.svg:md5,6a6df140fa5b4f1e044464cb82e42fcd",
                                            "base_content_summary_plot-pct.svg:md5,43ded781137698db167d8aa6d15cf33c",
                                            "contigs_length_statistics_plot.svg:md5,f70af50a87dcddad0f5c9f4dab6604d0",
                                            "last_o2o.svg:md5,25290b3dbe02e4c70bfb3bc5d4a754f6",
                                            "train.svg:md5,06b47012976db2d14daae792666401e2"
                                        ]
                                    ],
                                    "multiqc_report.html:md5,b70a61fe352e6fd7441cf1fd1c025957"
                                ],
                                [
                                    "execution_report_2025-05-27_13-19-11.html:md5,92bafcdb85d51bdf927571d6bc6fdbe8",
                                    "execution_timeline_2025-05-27_13-19-11.html:md5,6c6c1d258841f6f7479cb12a7701faf6",
                                    "execution_trace_2025-05-27_13-19-11.txt:md5,6d216b001b2f33b0afc457aed4cd784d",
                                    "nf_core_pairgenomealign_software_mqc_versions.yml:md5,ee228d5247d2e36ad447c219a83169ac",
                                    "params_2025-05-27_13-19-16.json:md5,6a37571b9dd93c87ed514a9d6faaf8ef",
                                    "pipeline_dag_2025-05-27_13-19-11.html:md5,6ff0fa7517f9b303a9f7d1c15311b299"
                                ]
                            ],
                            "single_end": false
                        },
                        "test.fasta.gz:md5,6e9fe4042a72f2345f644f239272b7e6"
                    ]
                ],
                "1": [
                    [
                        {
                            "id": [
                                [
                                    "target___test1.m2o_plt.png:md5,e724b83e019743759706e42d51ab987c",
                                    "target___test1.o2o_aln.maf.gz:md5,a5bef93ad94cd32e62503bbb993e17cf",
                                    "target___test1.o2o_aln.tsv:md5,19b18bcb79fbaff65967160566546216",
                                    "target___test1.o2o_plt.png:md5,e724b83e019743759706e42d51ab987c",
                                    "target___test1.sam.gz:md5,1e7ce899a96c522af7cd716dda2addff",
                                    "target___test1.train:md5,553b396397bd06ee18dacd6e39210b49",
                                    "target___test1.train.tsv:md5,d4ffa79ce19cc67164804b5dbc34b4c8",
                                    "target___test2.m2o_plt.png:md5,9f969c075068688c8b0d8e45c902efef",
                                    "target___test2.o2o_aln.maf.gz:md5,35f2b1fda59aec6a2e7b90bf93d9bd07",
                                    "target___test2.o2o_aln.tsv:md5,bbdfc5bf501b41df1330b0e10e173529",
                                    "target___test2.o2o_plt.png:md5,5692a7095b111d2470abe0951527f295",
                                    "target___test2.sam.gz:md5,8dcdb07614097a2a55f7c3f717eda97e",
                                    "target___test2.train:md5,a86c2cc75e540d0ad2a1417fe78bd483",
                                    "target___test2.train.tsv:md5,06491581f51dda4637ec441676841c48"
                                ],
                                [
                                    "test1.json:md5,9140e3d43f2d676f62e1325ace5dd8bd",
                                    "test2.json:md5,32d34d97e75fd3444cf1f9588070b5df"
                                ],
                                [
                                    "targetGenome.bed:md5,d41d8cd98f00b204e9800998ecf8427e",
                                    "test1.bed:md5,d41d8cd98f00b204e9800998ecf8427e",
                                    "test2.bed:md5,d41d8cd98f00b204e9800998ecf8427e"
                                ],
                                [
                                    [
                                        "contig_length_mqc.tsv:md5,851b7c50f78b040264f44762d0035110",
                                        "gc_summary_mqc.tsv:md5,3d6f3875c87fb7c810bbeff004bea4ba"
                                    ],
                                    [
                                        "multiqc.log:md5,db08cf733f405dd7283a15876911c87a",
                                        "multiqc_base_content_summary_plot.txt:md5,34b6c2cfdbeea4d761b6b1361d95b1c8",
                                        "multiqc_citations.txt:md5,4c806e63a283ec1b7e78cdae3a923d4f",
                                        "multiqc_contigs_length_statistics_plot.txt:md5,d5d8303533a3a3dc6f0bf268707864c7",
                                        "multiqc_data.json:md5,9d81b1244e91e2da2bd88aca3653315b",
                                        "multiqc_last_o2o.txt:md5,f101fe8063599dfa30ff286403209853",
                                        "multiqc_software_versions.txt:md5,5c7d20e5d9042a2164f271c1d402866e",
                                        "multiqc_sources.txt:md5,d2a044df39ce3c6abe5cdc2d67473490",
                                        "multiqc_train.txt:md5,29c3f1f223d94d90df2068199fe617ba"
                                    ],
                                    [
                                        [
                                            "base_content_summary_plot-cnt.pdf:md5,dbbcef6396616d0f85d6145d75d559df",
                                            "base_content_summary_plot-pct.pdf:md5,bb899209f226c793b0c46329c1fa7a38",
                                            "contigs_length_statistics_plot.pdf:md5,58f965f770eb9491477394e84593b09b",
                                            "last_o2o.pdf:md5,088e641cf188779fdb96fb95a65d5a9e",
                                            "train.pdf:md5,8a1f825980fc1fc648e6960a8ef564d0"
                                        ],
                                        [
                                            "base_content_summary_plot-cnt.png:md5,3f80c4aa99e1edf45b00d4f051c0be32",
                                            "base_content_summary_plot-pct.png:md5,d4b626853ac3e73a6cad957a0715698d",
                                            "contigs_length_statistics_plot.png:md5,2b9eb1d770ea0aa7a3bacae6e2cb21ed",
                                            "last_o2o.png:md5,4496d2b31cbf614fc7f3a60b0c8fcd9c",
                                            "train.png:md5,737cbc2c7182f82d1fc797f58a77e83d"
                                        ],
                                        [
                                            "base_content_summary_plot-cnt.svg:md5,6a6df140fa5b4f1e044464cb82e42fcd",
                                            "base_content_summary_plot-pct.svg:md5,43ded781137698db167d8aa6d15cf33c",
                                            "contigs_length_statistics_plot.svg:md5,f70af50a87dcddad0f5c9f4dab6604d0",
                                            "last_o2o.svg:md5,25290b3dbe02e4c70bfb3bc5d4a754f6",
                                            "train.svg:md5,06b47012976db2d14daae792666401e2"
                                        ]
                                    ],
                                    "multiqc_report.html:md5,b70a61fe352e6fd7441cf1fd1c025957"
                                ],
                                [
                                    "execution_report_2025-05-27_13-19-11.html:md5,92bafcdb85d51bdf927571d6bc6fdbe8",
                                    "execution_timeline_2025-05-27_13-19-11.html:md5,6c6c1d258841f6f7479cb12a7701faf6",
                                    "execution_trace_2025-05-27_13-19-11.txt:md5,6d216b001b2f33b0afc457aed4cd784d",
                                    "nf_core_pairgenomealign_software_mqc_versions.yml:md5,ee228d5247d2e36ad447c219a83169ac",
                                    "params_2025-05-27_13-19-16.json:md5,6a37571b9dd93c87ed514a9d6faaf8ef",
                                    "pipeline_dag_2025-05-27_13-19-11.html:md5,6ff0fa7517f9b303a9f7d1c15311b299"
                                ]
                            ],
                            "single_end": false
                        },
                        "test.fasta.gz.fai:md5,9da2a56e2853dc8c0b86a9e7229c9fe5"
                    ]
                ],
                "2": [
                    [
                        {
                            "id": [
                                [
                                    "target___test1.m2o_plt.png:md5,e724b83e019743759706e42d51ab987c",
                                    "target___test1.o2o_aln.maf.gz:md5,a5bef93ad94cd32e62503bbb993e17cf",
                                    "target___test1.o2o_aln.tsv:md5,19b18bcb79fbaff65967160566546216",
                                    "target___test1.o2o_plt.png:md5,e724b83e019743759706e42d51ab987c",
                                    "target___test1.sam.gz:md5,1e7ce899a96c522af7cd716dda2addff",
                                    "target___test1.train:md5,553b396397bd06ee18dacd6e39210b49",
                                    "target___test1.train.tsv:md5,d4ffa79ce19cc67164804b5dbc34b4c8",
                                    "target___test2.m2o_plt.png:md5,9f969c075068688c8b0d8e45c902efef",
                                    "target___test2.o2o_aln.maf.gz:md5,35f2b1fda59aec6a2e7b90bf93d9bd07",
                                    "target___test2.o2o_aln.tsv:md5,bbdfc5bf501b41df1330b0e10e173529",
                                    "target___test2.o2o_plt.png:md5,5692a7095b111d2470abe0951527f295",
                                    "target___test2.sam.gz:md5,8dcdb07614097a2a55f7c3f717eda97e",
                                    "target___test2.train:md5,a86c2cc75e540d0ad2a1417fe78bd483",
                                    "target___test2.train.tsv:md5,06491581f51dda4637ec441676841c48"
                                ],
                                [
                                    "test1.json:md5,9140e3d43f2d676f62e1325ace5dd8bd",
                                    "test2.json:md5,32d34d97e75fd3444cf1f9588070b5df"
                                ],
                                [
                                    "targetGenome.bed:md5,d41d8cd98f00b204e9800998ecf8427e",
                                    "test1.bed:md5,d41d8cd98f00b204e9800998ecf8427e",
                                    "test2.bed:md5,d41d8cd98f00b204e9800998ecf8427e"
                                ],
                                [
                                    [
                                        "contig_length_mqc.tsv:md5,851b7c50f78b040264f44762d0035110",
                                        "gc_summary_mqc.tsv:md5,3d6f3875c87fb7c810bbeff004bea4ba"
                                    ],
                                    [
                                        "multiqc.log:md5,db08cf733f405dd7283a15876911c87a",
                                        "multiqc_base_content_summary_plot.txt:md5,34b6c2cfdbeea4d761b6b1361d95b1c8",
                                        "multiqc_citations.txt:md5,4c806e63a283ec1b7e78cdae3a923d4f",
                                        "multiqc_contigs_length_statistics_plot.txt:md5,d5d8303533a3a3dc6f0bf268707864c7",
                                        "multiqc_data.json:md5,9d81b1244e91e2da2bd88aca3653315b",
                                        "multiqc_last_o2o.txt:md5,f101fe8063599dfa30ff286403209853",
                                        "multiqc_software_versions.txt:md5,5c7d20e5d9042a2164f271c1d402866e",
                                        "multiqc_sources.txt:md5,d2a044df39ce3c6abe5cdc2d67473490",
                                        "multiqc_train.txt:md5,29c3f1f223d94d90df2068199fe617ba"
                                    ],
                                    [
                                        [
                                            "base_content_summary_plot-cnt.pdf:md5,dbbcef6396616d0f85d6145d75d559df",
                                            "base_content_summary_plot-pct.pdf:md5,bb899209f226c793b0c46329c1fa7a38",
                                            "contigs_length_statistics_plot.pdf:md5,58f965f770eb9491477394e84593b09b",
                                            "last_o2o.pdf:md5,088e641cf188779fdb96fb95a65d5a9e",
                                            "train.pdf:md5,8a1f825980fc1fc648e6960a8ef564d0"
                                        ],
                                        [
                                            "base_content_summary_plot-cnt.png:md5,3f80c4aa99e1edf45b00d4f051c0be32",
                                            "base_content_summary_plot-pct.png:md5,d4b626853ac3e73a6cad957a0715698d",
                                            "contigs_length_statistics_plot.png:md5,2b9eb1d770ea0aa7a3bacae6e2cb21ed",
                                            "last_o2o.png:md5,4496d2b31cbf614fc7f3a60b0c8fcd9c",
                                            "train.png:md5,737cbc2c7182f82d1fc797f58a77e83d"
                                        ],
                                        [
                                            "base_content_summary_plot-cnt.svg:md5,6a6df140fa5b4f1e044464cb82e42fcd",
                                            "base_content_summary_plot-pct.svg:md5,43ded781137698db167d8aa6d15cf33c",
                                            "contigs_length_statistics_plot.svg:md5,f70af50a87dcddad0f5c9f4dab6604d0",
                                            "last_o2o.svg:md5,25290b3dbe02e4c70bfb3bc5d4a754f6",
                                            "train.svg:md5,06b47012976db2d14daae792666401e2"
                                        ]
                                    ],
                                    "multiqc_report.html:md5,b70a61fe352e6fd7441cf1fd1c025957"
                                ],
                                [
                                    "execution_report_2025-05-27_13-19-11.html:md5,92bafcdb85d51bdf927571d6bc6fdbe8",
                                    "execution_timeline_2025-05-27_13-19-11.html:md5,6c6c1d258841f6f7479cb12a7701faf6",
                                    "execution_trace_2025-05-27_13-19-11.txt:md5,6d216b001b2f33b0afc457aed4cd784d",
                                    "nf_core_pairgenomealign_software_mqc_versions.yml:md5,ee228d5247d2e36ad447c219a83169ac",
                                    "params_2025-05-27_13-19-16.json:md5,6a37571b9dd93c87ed514a9d6faaf8ef",
                                    "pipeline_dag_2025-05-27_13-19-11.html:md5,6ff0fa7517f9b303a9f7d1c15311b299"
                                ]
                            ],
                            "single_end": false
                        },
                        "test.fasta.gz.gzi:md5,7dea362b3fac8e00956a4952a3d4f474"
                    ]
                ],
                "3": [
                    [
                        {
                            "id": [
                                [
                                    "target___test1.m2o_plt.png:md5,e724b83e019743759706e42d51ab987c",
                                    "target___test1.o2o_aln.maf.gz:md5,a5bef93ad94cd32e62503bbb993e17cf",
                                    "target___test1.o2o_aln.tsv:md5,19b18bcb79fbaff65967160566546216",
                                    "target___test1.o2o_plt.png:md5,e724b83e019743759706e42d51ab987c",
                                    "target___test1.sam.gz:md5,1e7ce899a96c522af7cd716dda2addff",
                                    "target___test1.train:md5,553b396397bd06ee18dacd6e39210b49",
                                    "target___test1.train.tsv:md5,d4ffa79ce19cc67164804b5dbc34b4c8",
                                    "target___test2.m2o_plt.png:md5,9f969c075068688c8b0d8e45c902efef",
                                    "target___test2.o2o_aln.maf.gz:md5,35f2b1fda59aec6a2e7b90bf93d9bd07",
                                    "target___test2.o2o_aln.tsv:md5,bbdfc5bf501b41df1330b0e10e173529",
                                    "target___test2.o2o_plt.png:md5,5692a7095b111d2470abe0951527f295",
                                    "target___test2.sam.gz:md5,8dcdb07614097a2a55f7c3f717eda97e",
                                    "target___test2.train:md5,a86c2cc75e540d0ad2a1417fe78bd483",
                                    "target___test2.train.tsv:md5,06491581f51dda4637ec441676841c48"
                                ],
                                [
                                    "test1.json:md5,9140e3d43f2d676f62e1325ace5dd8bd",
                                    "test2.json:md5,32d34d97e75fd3444cf1f9588070b5df"
                                ],
                                [
                                    "targetGenome.bed:md5,d41d8cd98f00b204e9800998ecf8427e",
                                    "test1.bed:md5,d41d8cd98f00b204e9800998ecf8427e",
                                    "test2.bed:md5,d41d8cd98f00b204e9800998ecf8427e"
                                ],
                                [
                                    [
                                        "contig_length_mqc.tsv:md5,851b7c50f78b040264f44762d0035110",
                                        "gc_summary_mqc.tsv:md5,3d6f3875c87fb7c810bbeff004bea4ba"
                                    ],
                                    [
                                        "multiqc.log:md5,db08cf733f405dd7283a15876911c87a",
                                        "multiqc_base_content_summary_plot.txt:md5,34b6c2cfdbeea4d761b6b1361d95b1c8",
                                        "multiqc_citations.txt:md5,4c806e63a283ec1b7e78cdae3a923d4f",
                                        "multiqc_contigs_length_statistics_plot.txt:md5,d5d8303533a3a3dc6f0bf268707864c7",
                                        "multiqc_data.json:md5,9d81b1244e91e2da2bd88aca3653315b",
                                        "multiqc_last_o2o.txt:md5,f101fe8063599dfa30ff286403209853",
                                        "multiqc_software_versions.txt:md5,5c7d20e5d9042a2164f271c1d402866e",
                                        "multiqc_sources.txt:md5,d2a044df39ce3c6abe5cdc2d67473490",
                                        "multiqc_train.txt:md5,29c3f1f223d94d90df2068199fe617ba"
                                    ],
                                    [
                                        [
                                            "base_content_summary_plot-cnt.pdf:md5,dbbcef6396616d0f85d6145d75d559df",
                                            "base_content_summary_plot-pct.pdf:md5,bb899209f226c793b0c46329c1fa7a38",
                                            "contigs_length_statistics_plot.pdf:md5,58f965f770eb9491477394e84593b09b",
                                            "last_o2o.pdf:md5,088e641cf188779fdb96fb95a65d5a9e",
                                            "train.pdf:md5,8a1f825980fc1fc648e6960a8ef564d0"
                                        ],
                                        [
                                            "base_content_summary_plot-cnt.png:md5,3f80c4aa99e1edf45b00d4f051c0be32",
                                            "base_content_summary_plot-pct.png:md5,d4b626853ac3e73a6cad957a0715698d",
                                            "contigs_length_statistics_plot.png:md5,2b9eb1d770ea0aa7a3bacae6e2cb21ed",
                                            "last_o2o.png:md5,4496d2b31cbf614fc7f3a60b0c8fcd9c",
                                            "train.png:md5,737cbc2c7182f82d1fc797f58a77e83d"
                                        ],
                                        [
                                            "base_content_summary_plot-cnt.svg:md5,6a6df140fa5b4f1e044464cb82e42fcd",
                                            "base_content_summary_plot-pct.svg:md5,43ded781137698db167d8aa6d15cf33c",
                                            "contigs_length_statistics_plot.svg:md5,f70af50a87dcddad0f5c9f4dab6604d0",
                                            "last_o2o.svg:md5,25290b3dbe02e4c70bfb3bc5d4a754f6",
                                            "train.svg:md5,06b47012976db2d14daae792666401e2"
                                        ]
                                    ],
                                    "multiqc_report.html:md5,b70a61fe352e6fd7441cf1fd1c025957"
                                ],
                                [
                                    "execution_report_2025-05-27_13-19-11.html:md5,92bafcdb85d51bdf927571d6bc6fdbe8",
                                    "execution_timeline_2025-05-27_13-19-11.html:md5,6c6c1d258841f6f7479cb12a7701faf6",
                                    "execution_trace_2025-05-27_13-19-11.txt:md5,6d216b001b2f33b0afc457aed4cd784d",
                                    "nf_core_pairgenomealign_software_mqc_versions.yml:md5,ee228d5247d2e36ad447c219a83169ac",
                                    "params_2025-05-27_13-19-16.json:md5,6a37571b9dd93c87ed514a9d6faaf8ef",
                                    "pipeline_dag_2025-05-27_13-19-11.html:md5,6ff0fa7517f9b303a9f7d1c15311b299"
                                ]
                            ],
                            "single_end": false
                        },
                        "test.fasta.gz.dict:md5,f953d89119d6d0ae5ceab0c81aac83f6"
                    ]
                ],
                "4": [
                    "versions.yml:md5,2eaf0c4b36636d3321599dcff1b2c0ea",
                    "versions.yml:md5,3a95ae193360da51d01e9cfccdbfc74a",
                    "versions.yml:md5,69ccb03f4e3fda6002d3faca55426d2a"
                ],
                "dict": [
                    [
                        {
                            "id": [
                                [
                                    "target___test1.m2o_plt.png:md5,e724b83e019743759706e42d51ab987c",
                                    "target___test1.o2o_aln.maf.gz:md5,a5bef93ad94cd32e62503bbb993e17cf",
                                    "target___test1.o2o_aln.tsv:md5,19b18bcb79fbaff65967160566546216",
                                    "target___test1.o2o_plt.png:md5,e724b83e019743759706e42d51ab987c",
                                    "target___test1.sam.gz:md5,1e7ce899a96c522af7cd716dda2addff",
                                    "target___test1.train:md5,553b396397bd06ee18dacd6e39210b49",
                                    "target___test1.train.tsv:md5,d4ffa79ce19cc67164804b5dbc34b4c8",
                                    "target___test2.m2o_plt.png:md5,9f969c075068688c8b0d8e45c902efef",
                                    "target___test2.o2o_aln.maf.gz:md5,35f2b1fda59aec6a2e7b90bf93d9bd07",
                                    "target___test2.o2o_aln.tsv:md5,bbdfc5bf501b41df1330b0e10e173529",
                                    "target___test2.o2o_plt.png:md5,5692a7095b111d2470abe0951527f295",
                                    "target___test2.sam.gz:md5,8dcdb07614097a2a55f7c3f717eda97e",
                                    "target___test2.train:md5,a86c2cc75e540d0ad2a1417fe78bd483",
                                    "target___test2.train.tsv:md5,06491581f51dda4637ec441676841c48"
                                ],
                                [
                                    "test1.json:md5,9140e3d43f2d676f62e1325ace5dd8bd",
                                    "test2.json:md5,32d34d97e75fd3444cf1f9588070b5df"
                                ],
                                [
                                    "targetGenome.bed:md5,d41d8cd98f00b204e9800998ecf8427e",
                                    "test1.bed:md5,d41d8cd98f00b204e9800998ecf8427e",
                                    "test2.bed:md5,d41d8cd98f00b204e9800998ecf8427e"
                                ],
                                [
                                    [
                                        "contig_length_mqc.tsv:md5,851b7c50f78b040264f44762d0035110",
                                        "gc_summary_mqc.tsv:md5,3d6f3875c87fb7c810bbeff004bea4ba"
                                    ],
                                    [
                                        "multiqc.log:md5,db08cf733f405dd7283a15876911c87a",
                                        "multiqc_base_content_summary_plot.txt:md5,34b6c2cfdbeea4d761b6b1361d95b1c8",
                                        "multiqc_citations.txt:md5,4c806e63a283ec1b7e78cdae3a923d4f",
                                        "multiqc_contigs_length_statistics_plot.txt:md5,d5d8303533a3a3dc6f0bf268707864c7",
                                        "multiqc_data.json:md5,9d81b1244e91e2da2bd88aca3653315b",
                                        "multiqc_last_o2o.txt:md5,f101fe8063599dfa30ff286403209853",
                                        "multiqc_software_versions.txt:md5,5c7d20e5d9042a2164f271c1d402866e",
                                        "multiqc_sources.txt:md5,d2a044df39ce3c6abe5cdc2d67473490",
                                        "multiqc_train.txt:md5,29c3f1f223d94d90df2068199fe617ba"
                                    ],
                                    [
                                        [
                                            "base_content_summary_plot-cnt.pdf:md5,dbbcef6396616d0f85d6145d75d559df",
                                            "base_content_summary_plot-pct.pdf:md5,bb899209f226c793b0c46329c1fa7a38",
                                            "contigs_length_statistics_plot.pdf:md5,58f965f770eb9491477394e84593b09b",
                                            "last_o2o.pdf:md5,088e641cf188779fdb96fb95a65d5a9e",
                                            "train.pdf:md5,8a1f825980fc1fc648e6960a8ef564d0"
                                        ],
                                        [
                                            "base_content_summary_plot-cnt.png:md5,3f80c4aa99e1edf45b00d4f051c0be32",
                                            "base_content_summary_plot-pct.png:md5,d4b626853ac3e73a6cad957a0715698d",
                                            "contigs_length_statistics_plot.png:md5,2b9eb1d770ea0aa7a3bacae6e2cb21ed",
                                            "last_o2o.png:md5,4496d2b31cbf614fc7f3a60b0c8fcd9c",
                                            "train.png:md5,737cbc2c7182f82d1fc797f58a77e83d"
                                        ],
                                        [
                                            "base_content_summary_plot-cnt.svg:md5,6a6df140fa5b4f1e044464cb82e42fcd",
                                            "base_content_summary_plot-pct.svg:md5,43ded781137698db167d8aa6d15cf33c",
                                            "contigs_length_statistics_plot.svg:md5,f70af50a87dcddad0f5c9f4dab6604d0",
                                            "last_o2o.svg:md5,25290b3dbe02e4c70bfb3bc5d4a754f6",
                                            "train.svg:md5,06b47012976db2d14daae792666401e2"
                                        ]
                                    ],
                                    "multiqc_report.html:md5,b70a61fe352e6fd7441cf1fd1c025957"
                                ],
                                [
                                    "execution_report_2025-05-27_13-19-11.html:md5,92bafcdb85d51bdf927571d6bc6fdbe8",
                                    "execution_timeline_2025-05-27_13-19-11.html:md5,6c6c1d258841f6f7479cb12a7701faf6",
                                    "execution_trace_2025-05-27_13-19-11.txt:md5,6d216b001b2f33b0afc457aed4cd784d",
                                    "nf_core_pairgenomealign_software_mqc_versions.yml:md5,ee228d5247d2e36ad447c219a83169ac",
                                    "params_2025-05-27_13-19-16.json:md5,6a37571b9dd93c87ed514a9d6faaf8ef",
                                    "pipeline_dag_2025-05-27_13-19-11.html:md5,6ff0fa7517f9b303a9f7d1c15311b299"
                                ]
                            ],
                            "single_end": false
                        },
                        "test.fasta.gz.dict:md5,f953d89119d6d0ae5ceab0c81aac83f6"
                    ]
                ],
                "fai": [
                    [
                        {
                            "id": [
                                [
                                    "target___test1.m2o_plt.png:md5,e724b83e019743759706e42d51ab987c",
                                    "target___test1.o2o_aln.maf.gz:md5,a5bef93ad94cd32e62503bbb993e17cf",
                                    "target___test1.o2o_aln.tsv:md5,19b18bcb79fbaff65967160566546216",
                                    "target___test1.o2o_plt.png:md5,e724b83e019743759706e42d51ab987c",
                                    "target___test1.sam.gz:md5,1e7ce899a96c522af7cd716dda2addff",
                                    "target___test1.train:md5,553b396397bd06ee18dacd6e39210b49",
                                    "target___test1.train.tsv:md5,d4ffa79ce19cc67164804b5dbc34b4c8",
                                    "target___test2.m2o_plt.png:md5,9f969c075068688c8b0d8e45c902efef",
                                    "target___test2.o2o_aln.maf.gz:md5,35f2b1fda59aec6a2e7b90bf93d9bd07",
                                    "target___test2.o2o_aln.tsv:md5,bbdfc5bf501b41df1330b0e10e173529",
                                    "target___test2.o2o_plt.png:md5,5692a7095b111d2470abe0951527f295",
                                    "target___test2.sam.gz:md5,8dcdb07614097a2a55f7c3f717eda97e",
                                    "target___test2.train:md5,a86c2cc75e540d0ad2a1417fe78bd483",
                                    "target___test2.train.tsv:md5,06491581f51dda4637ec441676841c48"
                                ],
                                [
                                    "test1.json:md5,9140e3d43f2d676f62e1325ace5dd8bd",
                                    "test2.json:md5,32d34d97e75fd3444cf1f9588070b5df"
                                ],
                                [
                                    "targetGenome.bed:md5,d41d8cd98f00b204e9800998ecf8427e",
                                    "test1.bed:md5,d41d8cd98f00b204e9800998ecf8427e",
                                    "test2.bed:md5,d41d8cd98f00b204e9800998ecf8427e"
                                ],
                                [
                                    [
                                        "contig_length_mqc.tsv:md5,851b7c50f78b040264f44762d0035110",
                                        "gc_summary_mqc.tsv:md5,3d6f3875c87fb7c810bbeff004bea4ba"
                                    ],
                                    [
                                        "multiqc.log:md5,db08cf733f405dd7283a15876911c87a",
                                        "multiqc_base_content_summary_plot.txt:md5,34b6c2cfdbeea4d761b6b1361d95b1c8",
                                        "multiqc_citations.txt:md5,4c806e63a283ec1b7e78cdae3a923d4f",
                                        "multiqc_contigs_length_statistics_plot.txt:md5,d5d8303533a3a3dc6f0bf268707864c7",
                                        "multiqc_data.json:md5,9d81b1244e91e2da2bd88aca3653315b",
                                        "multiqc_last_o2o.txt:md5,f101fe8063599dfa30ff286403209853",
                                        "multiqc_software_versions.txt:md5,5c7d20e5d9042a2164f271c1d402866e",
                                        "multiqc_sources.txt:md5,d2a044df39ce3c6abe5cdc2d67473490",
                                        "multiqc_train.txt:md5,29c3f1f223d94d90df2068199fe617ba"
                                    ],
                                    [
                                        [
                                            "base_content_summary_plot-cnt.pdf:md5,dbbcef6396616d0f85d6145d75d559df",
                                            "base_content_summary_plot-pct.pdf:md5,bb899209f226c793b0c46329c1fa7a38",
                                            "contigs_length_statistics_plot.pdf:md5,58f965f770eb9491477394e84593b09b",
                                            "last_o2o.pdf:md5,088e641cf188779fdb96fb95a65d5a9e",
                                            "train.pdf:md5,8a1f825980fc1fc648e6960a8ef564d0"
                                        ],
                                        [
                                            "base_content_summary_plot-cnt.png:md5,3f80c4aa99e1edf45b00d4f051c0be32",
                                            "base_content_summary_plot-pct.png:md5,d4b626853ac3e73a6cad957a0715698d",
                                            "contigs_length_statistics_plot.png:md5,2b9eb1d770ea0aa7a3bacae6e2cb21ed",
                                            "last_o2o.png:md5,4496d2b31cbf614fc7f3a60b0c8fcd9c",
                                            "train.png:md5,737cbc2c7182f82d1fc797f58a77e83d"
                                        ],
                                        [
                                            "base_content_summary_plot-cnt.svg:md5,6a6df140fa5b4f1e044464cb82e42fcd",
                                            "base_content_summary_plot-pct.svg:md5,43ded781137698db167d8aa6d15cf33c",
                                            "contigs_length_statistics_plot.svg:md5,f70af50a87dcddad0f5c9f4dab6604d0",
                                            "last_o2o.svg:md5,25290b3dbe02e4c70bfb3bc5d4a754f6",
                                            "train.svg:md5,06b47012976db2d14daae792666401e2"
                                        ]
                                    ],
                                    "multiqc_report.html:md5,b70a61fe352e6fd7441cf1fd1c025957"
                                ],
                                [
                                    "execution_report_2025-05-27_13-19-11.html:md5,92bafcdb85d51bdf927571d6bc6fdbe8",
                                    "execution_timeline_2025-05-27_13-19-11.html:md5,6c6c1d258841f6f7479cb12a7701faf6",
                                    "execution_trace_2025-05-27_13-19-11.txt:md5,6d216b001b2f33b0afc457aed4cd784d",
                                    "nf_core_pairgenomealign_software_mqc_versions.yml:md5,ee228d5247d2e36ad447c219a83169ac",
                                    "params_2025-05-27_13-19-16.json:md5,6a37571b9dd93c87ed514a9d6faaf8ef",
                                    "pipeline_dag_2025-05-27_13-19-11.html:md5,6ff0fa7517f9b303a9f7d1c15311b299"
                                ]
                            ],
                            "single_end": false
                        },
                        "test.fasta.gz.fai:md5,9da2a56e2853dc8c0b86a9e7229c9fe5"
                    ]
                ],
                "fasta_gz": [
                    [
                        {
                            "id": [
                                [
                                    "target___test1.m2o_plt.png:md5,e724b83e019743759706e42d51ab987c",
                                    "target___test1.o2o_aln.maf.gz:md5,a5bef93ad94cd32e62503bbb993e17cf",
                                    "target___test1.o2o_aln.tsv:md5,19b18bcb79fbaff65967160566546216",
                                    "target___test1.o2o_plt.png:md5,e724b83e019743759706e42d51ab987c",
                                    "target___test1.sam.gz:md5,1e7ce899a96c522af7cd716dda2addff",
                                    "target___test1.train:md5,553b396397bd06ee18dacd6e39210b49",
                                    "target___test1.train.tsv:md5,d4ffa79ce19cc67164804b5dbc34b4c8",
                                    "target___test2.m2o_plt.png:md5,9f969c075068688c8b0d8e45c902efef",
                                    "target___test2.o2o_aln.maf.gz:md5,35f2b1fda59aec6a2e7b90bf93d9bd07",
                                    "target___test2.o2o_aln.tsv:md5,bbdfc5bf501b41df1330b0e10e173529",
                                    "target___test2.o2o_plt.png:md5,5692a7095b111d2470abe0951527f295",
                                    "target___test2.sam.gz:md5,8dcdb07614097a2a55f7c3f717eda97e",
                                    "target___test2.train:md5,a86c2cc75e540d0ad2a1417fe78bd483",
                                    "target___test2.train.tsv:md5,06491581f51dda4637ec441676841c48"
                                ],
                                [
                                    "test1.json:md5,9140e3d43f2d676f62e1325ace5dd8bd",
                                    "test2.json:md5,32d34d97e75fd3444cf1f9588070b5df"
                                ],
                                [
                                    "targetGenome.bed:md5,d41d8cd98f00b204e9800998ecf8427e",
                                    "test1.bed:md5,d41d8cd98f00b204e9800998ecf8427e",
                                    "test2.bed:md5,d41d8cd98f00b204e9800998ecf8427e"
                                ],
                                [
                                    [
                                        "contig_length_mqc.tsv:md5,851b7c50f78b040264f44762d0035110",
                                        "gc_summary_mqc.tsv:md5,3d6f3875c87fb7c810bbeff004bea4ba"
                                    ],
                                    [
                                        "multiqc.log:md5,db08cf733f405dd7283a15876911c87a",
                                        "multiqc_base_content_summary_plot.txt:md5,34b6c2cfdbeea4d761b6b1361d95b1c8",
                                        "multiqc_citations.txt:md5,4c806e63a283ec1b7e78cdae3a923d4f",
                                        "multiqc_contigs_length_statistics_plot.txt:md5,d5d8303533a3a3dc6f0bf268707864c7",
                                        "multiqc_data.json:md5,9d81b1244e91e2da2bd88aca3653315b",
                                        "multiqc_last_o2o.txt:md5,f101fe8063599dfa30ff286403209853",
                                        "multiqc_software_versions.txt:md5,5c7d20e5d9042a2164f271c1d402866e",
                                        "multiqc_sources.txt:md5,d2a044df39ce3c6abe5cdc2d67473490",
                                        "multiqc_train.txt:md5,29c3f1f223d94d90df2068199fe617ba"
                                    ],
                                    [
                                        [
                                            "base_content_summary_plot-cnt.pdf:md5,dbbcef6396616d0f85d6145d75d559df",
                                            "base_content_summary_plot-pct.pdf:md5,bb899209f226c793b0c46329c1fa7a38",
                                            "contigs_length_statistics_plot.pdf:md5,58f965f770eb9491477394e84593b09b",
                                            "last_o2o.pdf:md5,088e641cf188779fdb96fb95a65d5a9e",
                                            "train.pdf:md5,8a1f825980fc1fc648e6960a8ef564d0"
                                        ],
                                        [
                                            "base_content_summary_plot-cnt.png:md5,3f80c4aa99e1edf45b00d4f051c0be32",
                                            "base_content_summary_plot-pct.png:md5,d4b626853ac3e73a6cad957a0715698d",
                                            "contigs_length_statistics_plot.png:md5,2b9eb1d770ea0aa7a3bacae6e2cb21ed",
                                            "last_o2o.png:md5,4496d2b31cbf614fc7f3a60b0c8fcd9c",
                                            "train.png:md5,737cbc2c7182f82d1fc797f58a77e83d"
                                        ],
                                        [
                                            "base_content_summary_plot-cnt.svg:md5,6a6df140fa5b4f1e044464cb82e42fcd",
                                            "base_content_summary_plot-pct.svg:md5,43ded781137698db167d8aa6d15cf33c",
                                            "contigs_length_statistics_plot.svg:md5,f70af50a87dcddad0f5c9f4dab6604d0",
                                            "last_o2o.svg:md5,25290b3dbe02e4c70bfb3bc5d4a754f6",
                                            "train.svg:md5,06b47012976db2d14daae792666401e2"
                                        ]
                                    ],
                                    "multiqc_report.html:md5,b70a61fe352e6fd7441cf1fd1c025957"
                                ],
                                [
                                    "execution_report_2025-05-27_13-19-11.html:md5,92bafcdb85d51bdf927571d6bc6fdbe8",
                                    "execution_timeline_2025-05-27_13-19-11.html:md5,6c6c1d258841f6f7479cb12a7701faf6",
                                    "execution_trace_2025-05-27_13-19-11.txt:md5,6d216b001b2f33b0afc457aed4cd784d",
                                    "nf_core_pairgenomealign_software_mqc_versions.yml:md5,ee228d5247d2e36ad447c219a83169ac",
                                    "params_2025-05-27_13-19-16.json:md5,6a37571b9dd93c87ed514a9d6faaf8ef",
                                    "pipeline_dag_2025-05-27_13-19-11.html:md5,6ff0fa7517f9b303a9f7d1c15311b299"
                                ]
                            ],
                            "single_end": false
                        },
                        "test.fasta.gz:md5,6e9fe4042a72f2345f644f239272b7e6"
                    ]
                ],
                "gzi": [
                    [
                        {
                            "id": [
                                [
                                    "target___test1.m2o_plt.png:md5,e724b83e019743759706e42d51ab987c",
                                    "target___test1.o2o_aln.maf.gz:md5,a5bef93ad94cd32e62503bbb993e17cf",
                                    "target___test1.o2o_aln.tsv:md5,19b18bcb79fbaff65967160566546216",
                                    "target___test1.o2o_plt.png:md5,e724b83e019743759706e42d51ab987c",
                                    "target___test1.sam.gz:md5,1e7ce899a96c522af7cd716dda2addff",
                                    "target___test1.train:md5,553b396397bd06ee18dacd6e39210b49",
                                    "target___test1.train.tsv:md5,d4ffa79ce19cc67164804b5dbc34b4c8",
                                    "target___test2.m2o_plt.png:md5,9f969c075068688c8b0d8e45c902efef",
                                    "target___test2.o2o_aln.maf.gz:md5,35f2b1fda59aec6a2e7b90bf93d9bd07",
                                    "target___test2.o2o_aln.tsv:md5,bbdfc5bf501b41df1330b0e10e173529",
                                    "target___test2.o2o_plt.png:md5,5692a7095b111d2470abe0951527f295",
                                    "target___test2.sam.gz:md5,8dcdb07614097a2a55f7c3f717eda97e",
                                    "target___test2.train:md5,a86c2cc75e540d0ad2a1417fe78bd483",
                                    "target___test2.train.tsv:md5,06491581f51dda4637ec441676841c48"
                                ],
                                [
                                    "test1.json:md5,9140e3d43f2d676f62e1325ace5dd8bd",
                                    "test2.json:md5,32d34d97e75fd3444cf1f9588070b5df"
                                ],
                                [
                                    "targetGenome.bed:md5,d41d8cd98f00b204e9800998ecf8427e",
                                    "test1.bed:md5,d41d8cd98f00b204e9800998ecf8427e",
                                    "test2.bed:md5,d41d8cd98f00b204e9800998ecf8427e"
                                ],
                                [
                                    [
                                        "contig_length_mqc.tsv:md5,851b7c50f78b040264f44762d0035110",
                                        "gc_summary_mqc.tsv:md5,3d6f3875c87fb7c810bbeff004bea4ba"
                                    ],
                                    [
                                        "multiqc.log:md5,db08cf733f405dd7283a15876911c87a",
                                        "multiqc_base_content_summary_plot.txt:md5,34b6c2cfdbeea4d761b6b1361d95b1c8",
                                        "multiqc_citations.txt:md5,4c806e63a283ec1b7e78cdae3a923d4f",
                                        "multiqc_contigs_length_statistics_plot.txt:md5,d5d8303533a3a3dc6f0bf268707864c7",
                                        "multiqc_data.json:md5,9d81b1244e91e2da2bd88aca3653315b",
                                        "multiqc_last_o2o.txt:md5,f101fe8063599dfa30ff286403209853",
                                        "multiqc_software_versions.txt:md5,5c7d20e5d9042a2164f271c1d402866e",
                                        "multiqc_sources.txt:md5,d2a044df39ce3c6abe5cdc2d67473490",
                                        "multiqc_train.txt:md5,29c3f1f223d94d90df2068199fe617ba"
                                    ],
                                    [
                                        [
                                            "base_content_summary_plot-cnt.pdf:md5,dbbcef6396616d0f85d6145d75d559df",
                                            "base_content_summary_plot-pct.pdf:md5,bb899209f226c793b0c46329c1fa7a38",
                                            "contigs_length_statistics_plot.pdf:md5,58f965f770eb9491477394e84593b09b",
                                            "last_o2o.pdf:md5,088e641cf188779fdb96fb95a65d5a9e",
                                            "train.pdf:md5,8a1f825980fc1fc648e6960a8ef564d0"
                                        ],
                                        [
                                            "base_content_summary_plot-cnt.png:md5,3f80c4aa99e1edf45b00d4f051c0be32",
                                            "base_content_summary_plot-pct.png:md5,d4b626853ac3e73a6cad957a0715698d",
                                            "contigs_length_statistics_plot.png:md5,2b9eb1d770ea0aa7a3bacae6e2cb21ed",
                                            "last_o2o.png:md5,4496d2b31cbf614fc7f3a60b0c8fcd9c",
                                            "train.png:md5,737cbc2c7182f82d1fc797f58a77e83d"
                                        ],
                                        [
                                            "base_content_summary_plot-cnt.svg:md5,6a6df140fa5b4f1e044464cb82e42fcd",
                                            "base_content_summary_plot-pct.svg:md5,43ded781137698db167d8aa6d15cf33c",
                                            "contigs_length_statistics_plot.svg:md5,f70af50a87dcddad0f5c9f4dab6604d0",
                                            "last_o2o.svg:md5,25290b3dbe02e4c70bfb3bc5d4a754f6",
                                            "train.svg:md5,06b47012976db2d14daae792666401e2"
                                        ]
                                    ],
                                    "multiqc_report.html:md5,b70a61fe352e6fd7441cf1fd1c025957"
                                ],
                                [
                                    "execution_report_2025-05-27_13-19-11.html:md5,92bafcdb85d51bdf927571d6bc6fdbe8",
                                    "execution_timeline_2025-05-27_13-19-11.html:md5,6c6c1d258841f6f7479cb12a7701faf6",
                                    "execution_trace_2025-05-27_13-19-11.txt:md5,6d216b001b2f33b0afc457aed4cd784d",
                                    "nf_core_pairgenomealign_software_mqc_versions.yml:md5,ee228d5247d2e36ad447c219a83169ac",
                                    "params_2025-05-27_13-19-16.json:md5,6a37571b9dd93c87ed514a9d6faaf8ef",
                                    "pipeline_dag_2025-05-27_13-19-11.html:md5,6ff0fa7517f9b303a9f7d1c15311b299"
                                ]
                            ],
                            "single_end": false
                        },
                        "test.fasta.gz.gzi:md5,7dea362b3fac8e00956a4952a3d4f474"
                    ]
                ],
                "versions": [
                    "versions.yml:md5,2eaf0c4b36636d3321599dcff1b2c0ea",
                    "versions.yml:md5,3a95ae193360da51d01e9cfccdbfc74a",
                    "versions.yml:md5,69ccb03f4e3fda6002d3faca55426d2a"
                ]
            }
        ],
        "meta": {
            "nf-test": "0.9.2",
            "nextflow": "25.04.6"
        },
        "timestamp": "2025-07-29T19:03:40.601088294"
    }
}