{
    "sarscov2 - fasta": {
        "content": [
            {
                "0": [
                    [
                        {
                            "id": "test",
                            "single_end": false
                        },
                        "test.fasta.gz:md5,6e9fe4042a72f2345f644f239272b7e6"
                    ]
                ],
                "1": [
                    [
                        {
                            "id": "test",
                            "single_end": false
                        },
                        "test.fasta.gz.fai:md5,9da2a56e2853dc8c0b86a9e7229c9fe5"
                    ]
                ],
                "2": [
                    [
                        {
                            "id": "test",
                            "single_end": false
                        },
                        "test.fasta.gz.gzi:md5,7dea362b3fac8e00956a4952a3d4f474"
                    ]
                ],
                "3": [
                    [
                        {
                            "id": "test",
                            "single_end": false
                        },
                        "test.fasta.gz.dict:md5,f953d89119d6d0ae5ceab0c81aac83f6"
                    ]
                ],
                "dict": [
                    [
                        {
                            "id": "test",
                            "single_end": false
                        },
                        "test.fasta.gz.dict:md5,f953d89119d6d0ae5ceab0c81aac83f6"
                    ]
                ],
                "fai": [
                    [
                        {
                            "id": "test",
                            "single_end": false
                        },
                        "test.fasta.gz.fai:md5,9da2a56e2853dc8c0b86a9e7229c9fe5"
                    ]
                ],
                "fasta_gz": [
                    [
                        {
                            "id": "test",
                            "single_end": false
                        },
                        "test.fasta.gz:md5,6e9fe4042a72f2345f644f239272b7e6"
                    ]
                ],
                "gzi": [
                    [
                        {
                            "id": "test",
                            "single_end": false
                        },
                        "test.fasta.gz.gzi:md5,7dea362b3fac8e00956a4952a3d4f474"
                    ]
                ]
            }
        ],
        "meta": {
            "nf-test": "0.9.3",
            "nextflow": "25.10.2"
        },
        "timestamp": "2026-01-20T17:06:26.690585331"
    }
}